--------- beginning of main
10-10 12:45:05.392 I/AuroraArt(10989): flags webp=1 probe=1 server=- dir=/storage/emulated/0/Android/data/com.auroratv.lab/files
10-10 12:45:07.195 I/AuroraArt(10989): stage kind=hero-b1 p=BitmapMemoryCacheGetProducer ms=0 cached_value_found=false id=2
10-10 12:45:07.196 I/AuroraArt(10989): stage kind=hero-b1 p=BackgroundThreadHandoffProducer ms=0  id=2
10-10 12:45:07.196 I/AuroraArt(10989): stage kind=hero-b1 p=BitmapMemoryCacheProducer ms=0 cached_value_found=false id=2
10-10 12:45:07.197 I/AuroraArt(10989): stage kind=hero-b1 p=EncodedMemoryCacheProducer ms=0 cached_value_found=false id=2
10-10 12:45:07.219 I/AuroraArt(10989): stage kind=hero-b1 p=DiskCacheProducer ms=22 encodedImageSize=18840 cached_value_found=true id=2
10-10 12:45:07.222 I/AuroraArt(10989): stage kind=hero-b1 p=EncodedCacheKeyMultiplexProducer ms=26  id=2
10-10 12:45:07.310 I/AuroraArt(10989): stage kind=hero-b1 p=DecodeProducer ms=51 cpuMs=21.7 imageFormat=WEBP_SIMPLE hasGoodQuality=true bitmapSize=1280x720 byteCount=3686400 isFinal=true requestedImageSize=unknown encodedImageSize=1280x720 sampleSize=1 queueTime=28 id=2
10-10 12:45:07.311 I/AuroraArt(10989): stage kind=hero-b1 p=BitmapMemoryCacheKeyMultiplexProducer ms=115  id=2
10-10 12:45:07.311 I/AuroraArt(10989): done kind=hero-b1 fmt=WEBP_SIMPLE bytes=-1 fetchMs=-1 decodeMs=51 decodeCpuMs=21.7 bitmap=1280x720 totalMs=116 prefetch=0 id=2 url=http://192.168.50.108:4000/img/ext?u=https%3A%2F%2Fimages.metahub.space%2Fbackground%2Fmedium%2Ftt36981462%2Fimg&w=1280&blur=1&fmt=webp
10-10 12:45:17.618 I/AuroraArt(10989): stage kind=hero-b2 p=BitmapMemoryCacheGetProducer ms=1 cached_value_found=false id=48
10-10 12:45:17.619 I/AuroraArt(10989): stage kind=hero-b2 p=BackgroundThreadHandoffProducer ms=1  id=48
10-10 12:45:17.620 I/AuroraArt(10989): stage kind=hero-b2 p=BitmapMemoryCacheProducer ms=0 cached_value_found=false id=48
10-10 12:45:17.620 I/AuroraArt(10989): stage kind=hero-b2 p=EncodedMemoryCacheProducer ms=0 cached_value_found=false id=48
10-10 12:45:17.631 I/AuroraArt(10989): stage kind=hero-b2 p=DiskCacheProducer ms=10 encodedImageSize=16180 cached_value_found=true id=48
10-10 12:45:17.634 I/AuroraArt(10989): stage kind=hero-b2 p=EncodedCacheKeyMultiplexProducer ms=14  id=48
10-10 12:45:17.662 I/AuroraArt(10989): stage kind=hero-b2 p=DecodeProducer ms=26 cpuMs=21.0 imageFormat=WEBP_SIMPLE hasGoodQuality=true bitmapSize=1280x720 byteCount=3686400 isFinal=true requestedImageSize=unknown encodedImageSize=1280x720 sampleSize=1 queueTime=0 id=48
10-10 12:45:17.663 I/AuroraArt(10989): stage kind=hero-b2 p=BitmapMemoryCacheKeyMultiplexProducer ms=44  id=48
10-10 12:45:17.664 I/AuroraArt(10989): done kind=hero-b2 fmt=WEBP_SIMPLE bytes=-1 fetchMs=-1 decodeMs=26 decodeCpuMs=21.0 bitmap=1280x720 totalMs=46 prefetch=0 id=48 url=http://192.168.50.108:4000/img/ext?u=https%3A%2F%2Fimages.metahub.space%2Fbackground%2Fmedium%2Ftt36981462%2Fimg&w=1280&blur=2&fmt=webp
10-10 12:45:26.540 I/AuroraArt(10989): stage kind=backdrop p=BitmapMemoryCacheGetProducer ms=0 cached_value_found=false id=50
10-10 12:45:26.540 I/AuroraArt(10989): stage kind=backdrop p=BackgroundThreadHandoffProducer ms=0  id=50
10-10 12:45:26.542 I/AuroraArt(10989): stage kind=backdrop p=BitmapMemoryCacheProducer ms=0 cached_value_found=false id=50
10-10 12:45:26.543 I/AuroraArt(10989): stage kind=backdrop p=EncodedMemoryCacheProducer ms=0 cached_value_found=false id=50
10-10 12:45:26.550 I/AuroraArt(10989): stage kind=backdrop p=DiskCacheProducer ms=8 encodedImageSize=136208 cached_value_found=true id=50
10-10 12:45:26.552 I/AuroraArt(10989): stage kind=backdrop p=EncodedCacheKeyMultiplexProducer ms=10  id=50
10-10 12:45:26.634 I/AuroraArt(10989): stage kind=backdrop p=DecodeProducer ms=80 cpuMs=47.8 imageFormat=WEBP_SIMPLE hasGoodQuality=true bitmapSize=1600x900 byteCount=5760000 isFinal=true requestedImageSize=1344x821 encodedImageSize=1600x900 sampleSize=1 queueTime=0 id=50
10-10 12:45:26.635 I/AuroraArt(10989): stage kind=backdrop p=BitmapMemoryCacheKeyMultiplexProducer ms=94  id=50
10-10 12:45:26.635 I/AuroraArt(10989): done kind=backdrop fmt=WEBP_SIMPLE bytes=-1 fetchMs=-1 decodeMs=80 decodeCpuMs=47.8 bitmap=1600x900 totalMs=96 prefetch=0 id=50 url=http://192.168.50.108:4000/img/ext?u=https%3A%2F%2Fimages.metahub.space%2Fbackground%2Fmedium%2Ftt15239678%2Fimg&w=1600
10-10 12:45:36.152 I/AuroraArt(10989): stage kind=backdrop p=BitmapMemoryCacheGetProducer ms=0 cached_value_found=false id=62
10-10 12:45:36.152 I/AuroraArt(10989): stage kind=backdrop p=BackgroundThreadHandoffProducer ms=1  id=62
10-10 12:45:36.153 I/AuroraArt(10989): stage kind=backdrop p=BitmapMemoryCacheProducer ms=0 cached_value_found=false id=62
10-10 12:45:36.154 I/AuroraArt(10989): stage kind=backdrop p=EncodedMemoryCacheProducer ms=0 cached_value_found=false id=62
10-10 12:45:36.158 I/AuroraArt(10989): stage kind=backdrop p=DiskCacheProducer ms=3 encodedImageSize=335306 cached_value_found=true id=62
10-10 12:45:36.159 I/AuroraArt(10989): stage kind=backdrop p=EncodedCacheKeyMultiplexProducer ms=5  id=62
10-10 12:45:36.233 I/AuroraArt(10989): stage kind=backdrop p=DecodeProducer ms=73 cpuMs=68.3 imageFormat=WEBP_SIMPLE hasGoodQuality=true bitmapSize=1600x900 byteCount=5760000 isFinal=true requestedImageSize=1344x821 encodedImageSize=1600x900 sampleSize=1 queueTime=0 id=62
10-10 12:45:36.234 I/AuroraArt(10989): stage kind=backdrop p=BitmapMemoryCacheKeyMultiplexProducer ms=82  id=62
10-10 12:45:36.235 I/AuroraArt(10989): done kind=backdrop fmt=WEBP_SIMPLE bytes=-1 fetchMs=-1 decodeMs=73 decodeCpuMs=68.3 bitmap=1600x900 totalMs=83 prefetch=0 id=62 url=http://192.168.50.108:4000/img/ext?u=https%3A%2F%2Fimages.metahub.space%2Fbackground%2Fmedium%2Ftt0903747%2Fimg&w=1600
